// Jest Snapshot v1, https://goo.gl/fbAQLP

exports[`ChevronIcon should render default component markup 1`] = `<p>Hello world</p>`;
