// Jest Snapshot v1, https://goo.gl/fbAQLP

exports[`Footer should render default component markup 1`] = `
<div>
  <footer-list-stub copy="[object Object]"></footer-list-stub>
</div>
`;
