// Jest Snapshot v1, https://goo.gl/fbAQLP

exports[`Error should show the description 1`] = `"Test description"`;

exports[`Error should show the heading 1`] = `"Test header"`;
