// Jest Snapshot v1, https://goo.gl/fbAQLP

exports[`Selector computed :: orderMethod should show the collection label when the \`serviceType\` is \`collection\` 1`] = `
<select id="formField-order-time" data-test-id="formfield-order-time-dropdown-select" name="order-time" class="FormDropdown_c-formDropdown-select_ROvjN">
  <option data-test-id="formfield-order-time-dropdown-option-0" value="[object Object]">{
    "text": "As soon as possible",
    "value": "2020-01-01T01:00:00.000Z"
    }</option>
  <option data-test-id="formfield-order-time-dropdown-option-1" value="[object Object]">{
    "text": "Wednesday 01:15",
    "value": "2020-01-01T01:15:00.000Z"
    }</option>
</select>
`;

exports[`Selector computed :: orderMethod should show the delivery label when the \`serviceType\` is \`delivery\` 1`] = `
<select id="formField-order-time" data-test-id="formfield-order-time-dropdown-select" name="order-time" class="FormDropdown_c-formDropdown-select_ROvjN">
  <option data-test-id="formfield-order-time-dropdown-option-0" value="[object Object]">{
    "text": "As soon as possible",
    "value": "2020-01-01T01:00:00.000Z"
    }</option>
  <option data-test-id="formfield-order-time-dropdown-option-1" value="[object Object]">{
    "text": "Wednesday 01:15",
    "value": "2020-01-01T01:15:00.000Z"
    }</option>
</select>
`;
